Archive member included to satisfy reference by file (symbol)

c:/st/stm32cubeide_1.7.0/stm32cubeide/plugins/com.st.stm32cube.ide.mcu.externaltools.gnu-tools-for-stm32.9-2020-q2-update.win32_2.0.0.202105311346/tools/bin/../lib/gcc/arm-none-eabi/9.3.1/../../../../arm-none-eabi/lib/thumb/v7e-m+fp/hard\libc_nano.a(lib_a-errno.o)
                              ./Src/syscalls.o (__errno)
c:/st/stm32cubeide_1.7.0/stm32cubeide/plugins/com.st.stm32cube.ide.mcu.externaltools.gnu-tools-for-stm32.9-2020-q2-update.win32_2.0.0.202105311346/tools/bin/../lib/gcc/arm-none-eabi/9.3.1/../../../../arm-none-eabi/lib/thumb/v7e-m+fp/hard\libc_nano.a(lib_a-exit.o)
                              c:/st/stm32cubeide_1.7.0/stm32cubeide/plugins/com.st.stm32cube.ide.mcu.externaltools.gnu-tools-for-stm32.9-2020-q2-update.win32_2.0.0.202105311346/tools/bin/../lib/gcc/arm-none-eabi/9.3.1/../../../../arm-none-eabi/lib/thumb/v7e-m+fp/hard/crt0.o (exit)
c:/st/stm32cubeide_1.7.0/stm32cubeide/plugins/com.st.stm32cube.ide.mcu.externaltools.gnu-tools-for-stm32.9-2020-q2-update.win32_2.0.0.202105311346/tools/bin/../lib/gcc/arm-none-eabi/9.3.1/../../../../arm-none-eabi/lib/thumb/v7e-m+fp/hard\libc_nano.a(lib_a-impure.o)
                              c:/st/stm32cubeide_1.7.0/stm32cubeide/plugins/com.st.stm32cube.ide.mcu.externaltools.gnu-tools-for-stm32.9-2020-q2-update.win32_2.0.0.202105311346/tools/bin/../lib/gcc/arm-none-eabi/9.3.1/../../../../arm-none-eabi/lib/thumb/v7e-m+fp/hard\libc_nano.a(lib_a-exit.o) (_global_impure_ptr)
c:/st/stm32cubeide_1.7.0/stm32cubeide/plugins/com.st.stm32cube.ide.mcu.externaltools.gnu-tools-for-stm32.9-2020-q2-update.win32_2.0.0.202105311346/tools/bin/../lib/gcc/arm-none-eabi/9.3.1/../../../../arm-none-eabi/lib/thumb/v7e-m+fp/hard\libc_nano.a(lib_a-init.o)
                              c:/st/stm32cubeide_1.7.0/stm32cubeide/plugins/com.st.stm32cube.ide.mcu.externaltools.gnu-tools-for-stm32.9-2020-q2-update.win32_2.0.0.202105311346/tools/bin/../lib/gcc/arm-none-eabi/9.3.1/../../../../arm-none-eabi/lib/thumb/v7e-m+fp/hard/crt0.o (__libc_init_array)
c:/st/stm32cubeide_1.7.0/stm32cubeide/plugins/com.st.stm32cube.ide.mcu.externaltools.gnu-tools-for-stm32.9-2020-q2-update.win32_2.0.0.202105311346/tools/bin/../lib/gcc/arm-none-eabi/9.3.1/../../../../arm-none-eabi/lib/thumb/v7e-m+fp/hard\libc_nano.a(lib_a-memset.o)
                              c:/st/stm32cubeide_1.7.0/stm32cubeide/plugins/com.st.stm32cube.ide.mcu.externaltools.gnu-tools-for-stm32.9-2020-q2-update.win32_2.0.0.202105311346/tools/bin/../lib/gcc/arm-none-eabi/9.3.1/../../../../arm-none-eabi/lib/thumb/v7e-m+fp/hard/crt0.o (memset)

Discarded input sections

 .text          0x0000000000000000        0x0 c:/st/stm32cubeide_1.7.0/stm32cubeide/plugins/com.st.stm32cube.ide.mcu.externaltools.gnu-tools-for-stm32.9-2020-q2-update.win32_2.0.0.202105311346/tools/bin/../lib/gcc/arm-none-eabi/9.3.1/thumb/v7e-m+fp/hard/crti.o
 .data          0x0000000000000000        0x0 c:/st/stm32cubeide_1.7.0/stm32cubeide/plugins/com.st.stm32cube.ide.mcu.externaltools.gnu-tools-for-stm32.9-2020-q2-update.win32_2.0.0.202105311346/tools/bin/../lib/gcc/arm-none-eabi/9.3.1/thumb/v7e-m+fp/hard/crti.o
 .bss           0x0000000000000000        0x0 c:/st/stm32cubeide_1.7.0/stm32cubeide/plugins/com.st.stm32cube.ide.mcu.externaltools.gnu-tools-for-stm32.9-2020-q2-update.win32_2.0.0.202105311346/tools/bin/../lib/gcc/arm-none-eabi/9.3.1/thumb/v7e-m+fp/hard/crti.o
 .data          0x0000000000000000        0x4 c:/st/stm32cubeide_1.7.0/stm32cubeide/plugins/com.st.stm32cube.ide.mcu.externaltools.gnu-tools-for-stm32.9-2020-q2-update.win32_2.0.0.202105311346/tools/bin/../lib/gcc/arm-none-eabi/9.3.1/thumb/v7e-m+fp/hard/crtbegin.o
 .text          0x0000000000000000       0x7c c:/st/stm32cubeide_1.7.0/stm32cubeide/plugins/com.st.stm32cube.ide.mcu.externaltools.gnu-tools-for-stm32.9-2020-q2-update.win32_2.0.0.202105311346/tools/bin/../lib/gcc/arm-none-eabi/9.3.1/../../../../arm-none-eabi/lib/thumb/v7e-m+fp/hard/crt0.o
 .data          0x0000000000000000        0x0 c:/st/stm32cubeide_1.7.0/stm32cubeide/plugins/com.st.stm32cube.ide.mcu.externaltools.gnu-tools-for-stm32.9-2020-q2-update.win32_2.0.0.202105311346/tools/bin/../lib/gcc/arm-none-eabi/9.3.1/../../../../arm-none-eabi/lib/thumb/v7e-m+fp/hard/crt0.o
 .bss           0x0000000000000000        0x0 c:/st/stm32cubeide_1.7.0/stm32cubeide/plugins/com.st.stm32cube.ide.mcu.externaltools.gnu-tools-for-stm32.9-2020-q2-update.win32_2.0.0.202105311346/tools/bin/../lib/gcc/arm-none-eabi/9.3.1/../../../../arm-none-eabi/lib/thumb/v7e-m+fp/hard/crt0.o
 .ARM.extab     0x0000000000000000        0x0 c:/st/stm32cubeide_1.7.0/stm32cubeide/plugins/com.st.stm32cube.ide.mcu.externaltools.gnu-tools-for-stm32.9-2020-q2-update.win32_2.0.0.202105311346/tools/bin/../lib/gcc/arm-none-eabi/9.3.1/../../../../arm-none-eabi/lib/thumb/v7e-m+fp/hard/crt0.o
[...]
Memory Configuration

Name             Origin             Length             Attributes
FLASH            0x0000000008000000 0x0000000000010000 xr
CCMRAM           0x0000000010000000 0x0000000000001000 xrw
RAM              0x0000000020000000 0x0000000000003000 xrw
*default*        0x0000000000000000 0xffffffffffffffff

Linker script and memory map

LOAD c:/st/stm32cubeide_1.7.0/stm32cubeide/plugins/com.st.stm32cube.ide.mcu.externaltools.gnu-tools-for-stm32.9-2020-q2-update.win32_2.0.0.202105311346/tools/bin/../lib/gcc/arm-none-eabi/9.3.1/thumb/v7e-m+fp/hard/crti.o
LOAD c:/st/stm32cubeide_1.7.0/stm32cubeide/plugins/com.st.stm32cube.ide.mcu.externaltools.gnu-tools-for-stm32.9-2020-q2-update.win32_2.0.0.202105311346/tools/bin/../lib/gcc/arm-none-eabi/9.3.1/thumb/v7e-m+fp/hard/crtbegin.o
LOAD c:/st/stm32cubeide_1.7.0/stm32cubeide/plugins/com.st.stm32cube.ide.mcu.externaltools.gnu-tools-for-stm32.9-2020-q2-update.win32_2.0.0.202105311346/tools/bin/../lib/gcc/arm-none-eabi/9.3.1/../../../../arm-none-eabi/lib/thumb/v7e-m+fp/hard/crt0.o
LOAD ./Drivers/STM32F3xx_HAL_Driver/Src/stm32f3xx_ll_exti.o
LOAD ./Drivers/STM32F3xx_HAL_Driver/Src/stm32f3xx_ll_gpio.o
LOAD ./Drivers/STM32F3xx_HAL_Driver/Src/stm32f3xx_ll_rcc.o
LOAD ./Drivers/STM32F3xx_HAL_Driver/Src/stm32f3xx_ll_tim.o
LOAD ./Drivers/STM32F3xx_HAL_Driver/Src/stm32f3xx_ll_utils.o
LOAD ./Src/display.o
LOAD ./Src/gpio.o
LOAD ./Src/main.o
LOAD ./Src/stm32f3xx_it.o
LOAD ./Src/syscalls.o
LOAD ./Src/sysmem.o
LOAD ./Src/system_stm32f3xx.o
LOAD ./Src/tim.o
LOAD ./Startup/startup_stm32f303k8tx.o
START GROUP
LOAD c:/st/stm32cubeide_1.7.0/stm32cubeide/plugins/com.st.stm32cube.ide.mcu.externaltools.gnu-tools-for-stm32.9-2020-q2-update.win32_2.0.0.202105311346/tools/bin/../lib/gcc/arm-none-eabi/9.3.1/../../../../arm-none-eabi/lib/thumb/v7e-m+fp/hard\libc_nano.a
LOAD c:/st/stm32cubeide_1.7.0/stm32cubeide/plugins/com.st.stm32cube.ide.mcu.externaltools.gnu-tools-for-stm32.9-2020-q2-update.win32_2.0.0.202105311346/tools/bin/../lib/gcc/arm-none-eabi/9.3.1/../../../../arm-none-eabi/lib/thumb/v7e-m+fp/hard\libm.a
END GROUP
START GROUP
LOAD c:/st/stm32cubeide_1.7.0/stm32cubeide/plugins/com.st.stm32cube.ide.mcu.externaltools.gnu-tools-for-stm32.9-2020-q2-update.win32_2.0.0.202105311346/tools/bin/../lib/gcc/arm-none-eabi/9.3.1/thumb/v7e-m+fp/hard\libgcc.a
LOAD c:/st/stm32cubeide_1.7.0/stm32cubeide/plugins/com.st.stm32cube.ide.mcu.externaltools.gnu-tools-for-stm32.9-2020-q2-update.win32_2.0.0.202105311346/tools/bin/../lib/gcc/arm-none-eabi/9.3.1/../../../../arm-none-eabi/lib/thumb/v7e-m+fp/hard\libc_nano.a
END GROUP
START GROUP
LOAD c:/st/stm32cubeide_1.7.0/stm32cubeide/plugins/com.st.stm32cube.ide.mcu.externaltools.gnu-tools-for-stm32.9-2020-q2-update.win32_2.0.0.202105311346/tools/bin/../lib/gcc/arm-none-eabi/9.3.1/thumb/v7e-m+fp/hard\libgcc.a
LOAD c:/st/stm32cubeide_1.7.0/stm32cubeide/plugins/com.st.stm32cube.ide.mcu.externaltools.gnu-tools-for-stm32.9-2020-q2-update.win32_2.0.0.202105311346/tools/bin/../lib/gcc/arm-none-eabi/9.3.1/../../../../arm-none-eabi/lib/thumb/v7e-m+fp/hard\libc_nano.a
LOAD c:/st/stm32cubeide_1.7.0/stm32cubeide/plugins/com.st.stm32cube.ide.mcu.externaltools.gnu-tools-for-stm32.9-2020-q2-update.win32_2.0.0.202105311346/tools/bin/../lib/gcc/arm-none-eabi/9.3.1/../../../../arm-none-eabi/lib/thumb/v7e-m+fp/hard\libnosys.a
END GROUP
START GROUP
LOAD c:/st/stm32cubeide_1.7.0/stm32cubeide/plugins/com.st.stm32cube.ide.mcu.externaltools.gnu-tools-for-stm32.9-2020-q2-update.win32_2.0.0.202105311346/tools/bin/../lib/gcc/arm-none-eabi/9.3.1/thumb/v7e-m+fp/hard\libgcc.a
LOAD c:/st/stm32cubeide_1.7.0/stm32cubeide/plugins/com.st.stm32cube.ide.mcu.externaltools.gnu-tools-for-stm32.9-2020-q2-update.win32_2.0.0.202105311346/tools/bin/../lib/gcc/arm-none-eabi/9.3.1/../../../../arm-none-eabi/lib/thumb/v7e-m+fp/hard\libc_nano.a
LOAD c:/st/stm32cubeide_1.7.0/stm32cubeide/plugins/com.st.stm32cube.ide.mcu.externaltools.gnu-tools-for-stm32.9-2020-q2-update.win32_2.0.0.202105311346/tools/bin/../lib/gcc/arm-none-eabi/9.3.1/../../../../arm-none-eabi/lib/thumb/v7e-m+fp/hard\libnosys.a
END GROUP
LOAD c:/st/stm32cubeide_1.7.0/stm32cubeide/plugins/com.st.stm32cube.ide.mcu.externaltools.gnu-tools-for-stm32.9-2020-q2-update.win32_2.0.0.202105311346/tools/bin/../lib/gcc/arm-none-eabi/9.3.1/thumb/v7e-m+fp/hard/crtend.o
LOAD c:/st/stm32cubeide_1.7.0/stm32cubeide/plugins/com.st.stm32cube.ide.mcu.externaltools.gnu-tools-for-stm32.9-2020-q2-update.win32_2.0.0.202105311346/tools/bin/../lib/gcc/arm-none-eabi/9.3.1/thumb/v7e-m+fp/hard/crtn.o
                0x0000000020003000                _estack = 0x20003000
                0x0000000000000200                _Min_Heap_Size = 0x200
                0x0000000000000400                _Min_Stack_Size = 0x400

.isr_vector     0x0000000008000000      0x188
                0x0000000008000000                . = ALIGN (0x4)
 *(.isr_vector)
 .isr_vector    0x0000000008000000      0x188 ./Startup/startup_stm32f303k8tx.o
                0x0000000008000000                g_pfnVectors
                0x0000000008000188                . = ALIGN (0x4)

.text           0x0000000008000188     0x2404
                0x0000000008000188                . = ALIGN (0x4)
 *(.text)
 .text          0x0000000008000188       0x40 c:/st/stm32cubeide_1.7.0/stm32cubeide/plugins/com.st.stm32cube.ide.mcu.externaltools.gnu-tools-for-stm32.9-2020-q2-update.win32_2.0.0.202105311346/tools/bin/../lib/gcc/arm-none-eabi/9.3.1/thumb/v7e-m+fp/hard/crtbegin.o
 *(.text*)
 .text.LL_GPIO_SetPinMode
                0x00000000080001c8       0x5a ./Drivers/STM32F3xx_HAL_Driver/Src/stm32f3xx_ll_gpio.o
 .text.LL_GPIO_SetPinOutputType
                0x0000000008000222       0x30 ./Drivers/STM32F3xx_HAL_Driver/Src/stm32f3xx_ll_gpio.o
 .text.LL_GPIO_SetPinSpeed
                0x0000000008000252       0x5a ./Drivers/STM32F3xx_HAL_Driver/Src/stm32f3xx_ll_gpio.o
 .text.LL_GPIO_SetPinPull
                0x00000000080002ac       0x5a ./Drivers/STM32F3xx_HAL_Driver/Src/stm32f3xx_ll_gpio.o
 .text.LL_GPIO_SetAFPin_0_7
                0x0000000008000306       0x5a ./Drivers/STM32F3xx_HAL_Driver/Src/stm32f3xx_ll_gpio.o
 .text.LL_GPIO_SetAFPin_8_15
                0x0000000008000360       0x5e ./Drivers/STM32F3xx_HAL_Driver/Src/stm32f3xx_ll_gpio.o
 .text.LL_GPIO_Init
                0x00000000080003be       0xf4 ./Drivers/STM32F3xx_HAL_Driver/Src/stm32f3xx_ll_gpio.o
                0x00000000080003be                LL_GPIO_Init
 .text.LL_TIM_SetPrescaler
                0x00000000080004b2       0x1c ./Drivers/STM32F3xx_HAL_Driver/Src/stm32f3xx_ll_tim.o
 .text.LL_TIM_SetAutoReload
                0x00000000080004ce       0x1c ./Drivers/STM32F3xx_HAL_Driver/Src/stm32f3xx_ll_tim.o
 .text.LL_TIM_SetRepetitionCounter
                0x00000000080004ea       0x1c ./Drivers/STM32F3xx_HAL_Driver/Src/stm32f3xx_ll_tim.o
 .text.LL_TIM_OC_SetCompareCH1
                0x0000000008000506       0x1c ./Drivers/STM32F3xx_HAL_Driver/Src/stm32f3xx_ll_tim.o
 .text.LL_TIM_OC_SetCompareCH2
                0x0000000008000522       0x1c ./Drivers/STM32F3xx_HAL_Driver/Src/stm32f3xx_ll_tim.o
 .text.LL_TIM_OC_SetCompareCH3
                0x000000000800053e       0x1c ./Drivers/STM32F3xx_HAL_Driver/Src/stm32f3xx_ll_tim.o
 .text.LL_TIM_OC_SetCompareCH4
                0x000000000800055a       0x1c ./Drivers/STM32F3xx_HAL_Driver/Src/stm32f3xx_ll_tim.o
 .text.LL_TIM_OC_SetCompareCH5
                0x0000000008000576       0x1c ./Drivers/STM32F3xx_HAL_Driver/Src/stm32f3xx_ll_tim.o
 .text.LL_TIM_OC_SetCompareCH6
                0x0000000008000592       0x1c ./Drivers/STM32F3xx_HAL_Driver/Src/stm32f3xx_ll_tim.o
 .text.LL_TIM_GenerateEvent_UPDATE
                0x00000000080005ae       0x20 ./Drivers/STM32F3xx_HAL_Driver/Src/stm32f3xx_ll_tim.o
 *fill*         0x00000000080005ce        0x2 
 .text.LL_TIM_Init
                0x00000000080005d0       0xe8 ./Drivers/STM32F3xx_HAL_Driver/Src/stm32f3xx_ll_tim.o
                0x00000000080005d0                LL_TIM_Init
 .text.LL_TIM_OC_Init
                0x00000000080006b8       0xbe ./Drivers/STM32F3xx_HAL_Driver/Src/stm32f3xx_ll_tim.o
                0x00000000080006b8                LL_TIM_OC_Init
 *fill*         0x0000000008000776        0x2 
 .text.OC1Config
                0x0000000008000778      0x100 ./Drivers/STM32F3xx_HAL_Driver/Src/stm32f3xx_ll_tim.o
 .text.OC2Config
                0x0000000008000878      0x108 ./Drivers/STM32F3xx_HAL_Driver/Src/stm32f3xx_ll_tim.o
 .text.OC3Config
                0x0000000008000980      0x108 ./Drivers/STM32F3xx_HAL_Driver/Src/stm32f3xx_ll_tim.o
 .text.OC4Config
                0x0000000008000a88       0xd8 ./Drivers/STM32F3xx_HAL_Driver/Src/stm32f3xx_ll_tim.o
 .text.OC5Config
                0x0000000008000b60       0xc4 ./Drivers/STM32F3xx_HAL_Driver/Src/stm32f3xx_ll_tim.o
 .text.OC6Config
                0x0000000008000c24       0xc4 ./Drivers/STM32F3xx_HAL_Driver/Src/stm32f3xx_ll_tim.o
 .text.LL_InitTick
                0x0000000008000ce8       0x34 ./Drivers/STM32F3xx_HAL_Driver/Src/stm32f3xx_ll_utils.o
 .text.LL_Init1msTick
                0x0000000008000d1c       0x1a ./Drivers/STM32F3xx_HAL_Driver/Src/stm32f3xx_ll_utils.o
                0x0000000008000d1c                LL_Init1msTick
 *fill*         0x0000000008000d36        0x2 
 .text.LL_mDelay
                0x0000000008000d38       0x4c ./Drivers/STM32F3xx_HAL_Driver/Src/stm32f3xx_ll_utils.o
                0x0000000008000d38                LL_mDelay
 .text.LL_SetSystemCoreClock
                0x0000000008000d84       0x20 ./Drivers/STM32F3xx_HAL_Driver/Src/stm32f3xx_ll_utils.o
                0x0000000008000d84                LL_SetSystemCoreClock
 .text.LL_TIM_ClearFlag_UPDATE
                0x0000000008000da4       0x1c ./Src/display.o
 .text.LL_TIM_IsActiveFlag_UPDATE
                0x0000000008000dc0       0x26 ./Src/display.o
 .text.LL_GPIO_SetOutputPin
                0x0000000008000de6       0x1c ./Src/display.o
 .text.LL_GPIO_ResetOutputPin
                0x0000000008000e02       0x1c ./Src/display.o
 *fill*         0x0000000008000e1e        0x2 
 .text.resetSegments
                0x0000000008000e20       0x5c ./Src/display.o
                0x0000000008000e20                resetSegments
 .text.setSegments
                0x0000000008000e7c       0x5c ./Src/display.o
                0x0000000008000e7c                setSegments
 .text.resetDigits
                0x0000000008000ed8       0x3a ./Src/display.o
                0x0000000008000ed8                resetDigits
 .text.setDigits
                0x0000000008000f12       0x3a ./Src/display.o
                0x0000000008000f12                setDigits
 .text.setOne   0x0000000008000f4c       0x1e ./Src/display.o
                0x0000000008000f4c                setOne
 *fill*         0x0000000008000f6a        0x2 
 .text.setTwo   0x0000000008000f6c       0x3c ./Src/display.o
                0x0000000008000f6c                setTwo
 .text.setThree
                0x0000000008000fa8       0x3c ./Src/display.o
                0x0000000008000fa8                setThree
 .text.setFour  0x0000000008000fe4       0x34 ./Src/display.o
                0x0000000008000fe4                setFour
 .text.setFive  0x0000000008001018       0x3c ./Src/display.o
                0x0000000008001018                setFive
 .text.setSix   0x0000000008001054       0x48 ./Src/display.o
                0x0000000008001054                setSix
 .text.setSeven
                0x000000000800109c       0x28 ./Src/display.o
                0x000000000800109c                setSeven
 .text.setEight
                0x00000000080010c4       0x54 ./Src/display.o
                0x00000000080010c4                setEight
 .text.setNine  0x0000000008001118       0x40 ./Src/display.o
                0x0000000008001118                setNine
 .text.setZero  0x0000000008001158       0x4c ./Src/display.o
                0x0000000008001158                setZero
 .text.setA     0x00000000080011a4       0x4c ./Src/display.o
                0x00000000080011a4                setA
 .text.setB     0x00000000080011f0       0x40 ./Src/display.o
                0x00000000080011f0                setB
 .text.setC     0x0000000008001230       0x34 ./Src/display.o
                0x0000000008001230                setC
 .text.setD     0x0000000008001264       0x40 ./Src/display.o
                0x0000000008001264                setD
 .text.setE     0x00000000080012a4       0x3c ./Src/display.o
                0x00000000080012a4                setE
 .text.setF     0x00000000080012e0       0x34 ./Src/display.o
                0x00000000080012e0                setF
 .text.setG     0x0000000008001314       0x40 ./Src/display.o
                0x0000000008001314                setG
 .text.setH     0x0000000008001354       0x40 ./Src/display.o
                0x0000000008001354                setH
 .text.setI     0x0000000008001394       0x1e ./Src/display.o
                0x0000000008001394                setI
 *fill*         0x00000000080013b2        0x2 
 .text.setJ     0x00000000080013b4       0x38 ./Src/display.o
                0x00000000080013b4                setJ
 .text.setK     0x00000000080013ec       0x40 ./Src/display.o
                0x00000000080013ec                setK
 .text.setL     0x000000000800142c       0x2c ./Src/display.o
                0x000000000800142c                setL
 .text.setM     0x0000000008001458       0x34 ./Src/display.o
                0x0000000008001458                setM
 .text.setN     0x000000000800148c       0x2c ./Src/display.o
                0x000000000800148c                setN
 .text.setO     0x00000000080014b8       0x4c ./Src/display.o
                0x00000000080014b8                setO
 .text.setP     0x0000000008001504       0x40 ./Src/display.o
                0x0000000008001504                setP
 .text.setQ     0x0000000008001544       0x40 ./Src/display.o
                0x0000000008001544                setQ
 .text.setR     0x0000000008001584       0x20 ./Src/display.o
                0x0000000008001584                setR
 .text.setS     0x00000000080015a4       0x3c ./Src/display.o
                0x00000000080015a4                setS
 .text.setT     0x00000000080015e0       0x34 ./Src/display.o
                0x00000000080015e0                setT
 .text.setU     0x0000000008001614       0x40 ./Src/display.o
                0x0000000008001614                setU
 .text.setV     0x0000000008001654       0x28 ./Src/display.o
                0x0000000008001654                setV
 .text.setW     0x000000000800167c       0x48 ./Src/display.o
                0x000000000800167c                setW
 .text.setX     0x00000000080016c4       0x28 ./Src/display.o
                0x00000000080016c4                setX
 .text.setY     0x00000000080016ec       0x3c ./Src/display.o
                0x00000000080016ec                setY
 .text.setZ     0x0000000008001728       0x3c ./Src/display.o
                0x0000000008001728                setZ
 .text.setUnderscore
                0x0000000008001764       0x14 ./Src/display.o
                0x0000000008001764                setUnderscore
 .text.dispelements
                0x0000000008001778       0x48 ./Src/display.o
                0x0000000008001778                dispelements
 .text.setDigit
                0x00000000080017c0       0x60 ./Src/display.o
                0x00000000080017c0                setDigit
 .text.updateDisplay
                0x0000000008001820      0x3a8 ./Src/display.o
                0x0000000008001820                updateDisplay
 .text.TIM3_IRQHandler
                0x0000000008001bc8       0x24 ./Src/display.o
                0x0000000008001bc8                TIM3_IRQHandler
 .text.LL_AHB1_GRP1_EnableClock
                0x0000000008001bec       0x30 ./Src/gpio.o
 .text.LL_GPIO_ResetOutputPin
                0x0000000008001c1c       0x1c ./Src/gpio.o
 .text.MX_GPIO_Init
                0x0000000008001c38       0x88 ./Src/gpio.o
                0x0000000008001c38                MX_GPIO_Init
 .text.NVIC_SetPriorityGrouping
                0x0000000008001cc0       0x48 ./Src/main.o
 .text.LL_RCC_HSI_Enable
                0x0000000008001d08       0x20 ./Src/main.o
 .text.LL_RCC_HSI_IsReady
                0x0000000008001d28       0x24 ./Src/main.o
 .text.LL_RCC_HSI_SetCalibTrimming
                0x0000000008001d4c       0x2c ./Src/main.o
 .text.LL_RCC_SetSysClkSource
                0x0000000008001d78       0x28 ./Src/main.o
 .text.LL_RCC_GetSysClkSource
                0x0000000008001da0       0x1c ./Src/main.o
 .text.LL_RCC_SetAHBPrescaler
                0x0000000008001dbc       0x28 ./Src/main.o
 .text.LL_RCC_SetAPB1Prescaler
                0x0000000008001de4       0x28 ./Src/main.o
 .text.LL_RCC_SetAPB2Prescaler
                0x0000000008001e0c       0x28 ./Src/main.o
 .text.LL_APB1_GRP1_EnableClock
                0x0000000008001e34       0x30 ./Src/main.o
 .text.LL_APB2_GRP1_EnableClock
                0x0000000008001e64       0x30 ./Src/main.o
 .text.LL_FLASH_SetLatency
                0x0000000008001e94       0x28 ./Src/main.o
 .text.LL_FLASH_GetLatency
                0x0000000008001ebc       0x1c ./Src/main.o
 .text.LL_SYSTICK_SetClkSource
                0x0000000008001ed8       0x38 ./Src/main.o
 .text.LL_SYSTICK_EnableIT
                0x0000000008001f10       0x20 ./Src/main.o
 .text.main     0x0000000008001f30       0xa4 ./Src/main.o
                0x0000000008001f30                main
 .text.SystemClock_Config
                0x0000000008001fd4       0x70 ./Src/main.o
                0x0000000008001fd4                SystemClock_Config
 .text.Error_Handler
                0x0000000008002044        0xe ./Src/main.o
                0x0000000008002044                Error_Handler
 .text.NMI_Handler
                0x0000000008002052        0xe ./Src/stm32f3xx_it.o
                0x0000000008002052                NMI_Handler
 .text.HardFault_Handler
                0x0000000008002060        0x6 ./Src/stm32f3xx_it.o
                0x0000000008002060                HardFault_Handler
 .text.MemManage_Handler
                0x0000000008002066        0x6 ./Src/stm32f3xx_it.o
                0x0000000008002066                MemManage_Handler
 .text.BusFault_Handler
                0x000000000800206c        0x6 ./Src/stm32f3xx_it.o
                0x000000000800206c                BusFault_Handler
 .text.UsageFault_Handler
                0x0000000008002072        0x6 ./Src/stm32f3xx_it.o
                0x0000000008002072                UsageFault_Handler
 .text.SVC_Handler
                0x0000000008002078        0xe ./Src/stm32f3xx_it.o
                0x0000000008002078                SVC_Handler
 .text.DebugMon_Handler
                0x0000000008002086        0xe ./Src/stm32f3xx_it.o
                0x0000000008002086                DebugMon_Handler
 .text.PendSV_Handler
                0x0000000008002094        0xe ./Src/stm32f3xx_it.o
                0x0000000008002094                PendSV_Handler
 *fill*         0x00000000080020a2        0x2 
 .text.SysTick_Handler
                0x00000000080020a4       0x24 ./Src/stm32f3xx_it.o
                0x00000000080020a4                SysTick_Handler
 .text.SystemInit
                0x00000000080020c8       0x94 ./Src/system_stm32f3xx.o
                0x00000000080020c8                SystemInit
 .text.NVIC_GetPriorityGrouping
                0x000000000800215c       0x1c ./Src/tim.o
 .text.NVIC_EnableIRQ
                0x0000000008002178       0x34 ./Src/tim.o
 .text.NVIC_SetPriority
                0x00000000080021ac       0x54 ./Src/tim.o
 .text.NVIC_EncodePriority
                0x0000000008002200       0x66 ./Src/tim.o
 *fill*         0x0000000008002266        0x2 
 .text.LL_APB1_GRP1_EnableClock
                0x0000000008002268       0x30 ./Src/tim.o
 .text.LL_TIM_EnableCounter
                0x0000000008002298       0x20 ./Src/tim.o
 .text.LL_TIM_EnableARRPreload
                0x00000000080022b8       0x20 ./Src/tim.o
 .text.LL_TIM_OC_DisableFast
                0x00000000080022d8       0x9c ./Src/tim.o
 .text.LL_TIM_SetClockSource
                0x0000000008002374       0x2a ./Src/tim.o
 .text.LL_TIM_SetTriggerOutput
                0x000000000800239e       0x26 ./Src/tim.o
 .text.LL_TIM_DisableMasterSlaveMode
                0x00000000080023c4       0x20 ./Src/tim.o
 .text.LL_TIM_EnableIT_UPDATE
                0x00000000080023e4       0x20 ./Src/tim.o
 .text.MX_TIM3_Init
                0x0000000008002404       0xc4 ./Src/tim.o
                0x0000000008002404                MX_TIM3_Init
 .text.Reset_Handler
                0x00000000080024c8       0x50 ./Startup/startup_stm32f303k8tx.o
                0x00000000080024c8                Reset_Handler
 .text.Default_Handler
                0x0000000008002518        0x2 ./Startup/startup_stm32f303k8tx.o
                0x0000000008002518                RTC_Alarm_IRQHandler
                0x0000000008002518                TIM1_CC_IRQHandler
                0x0000000008002518                PVD_IRQHandler
                0x0000000008002518                TAMP_STAMP_IRQHandler
                0x0000000008002518                EXTI3_IRQHandler
                0x0000000008002518                EXTI0_IRQHandler
                0x0000000008002518                FPU_IRQHandler
                0x0000000008002518                CAN_TX_IRQHandler
                0x0000000008002518                TIM1_UP_TIM16_IRQHandler
                0x0000000008002518                ADC1_2_IRQHandler
                0x0000000008002518                SPI1_IRQHandler
                0x0000000008002518                CAN_SCE_IRQHandler
                0x0000000008002518                DMA1_Channel4_IRQHandler
                0x0000000008002518                USART3_IRQHandler
                0x0000000008002518                DMA1_Channel7_IRQHandler
                0x0000000008002518                TIM7_DAC2_IRQHandler
                0x0000000008002518                CAN_RX1_IRQHandler
                0x0000000008002518                I2C1_EV_IRQHandler
                0x0000000008002518                DMA1_Channel6_IRQHandler
                0x0000000008002518                RCC_IRQHandler
                0x0000000008002518                DMA1_Channel1_IRQHandler
                0x0000000008002518                Default_Handler
                0x0000000008002518                EXTI15_10_IRQHandler
                0x0000000008002518                COMP2_IRQHandler
                0x0000000008002518                TIM6_DAC1_IRQHandler
                0x0000000008002518                EXTI9_5_IRQHandler
                0x0000000008002518                RTC_WKUP_IRQHandler
                0x0000000008002518                DMA1_Channel5_IRQHandler
                0x0000000008002518                EXTI4_IRQHandler
                0x0000000008002518                TIM1_TRG_COM_TIM17_IRQHandler
                0x0000000008002518                DMA1_Channel3_IRQHandler
                0x0000000008002518                WWDG_IRQHandler
                0x0000000008002518                TIM2_IRQHandler
                0x0000000008002518                EXTI1_IRQHandler
                0x0000000008002518                COMP4_6_IRQHandler
                0x0000000008002518                USART2_IRQHandler
                0x0000000008002518                DMA1_Channel2_IRQHandler
                0x0000000008002518                FLASH_IRQHandler
                0x0000000008002518                USART1_IRQHandler
                0x0000000008002518                CAN_RX0_IRQHandler
                0x0000000008002518                I2C1_ER_IRQHandler
                0x0000000008002518                EXTI2_TSC_IRQHandler
                0x0000000008002518                TIM1_BRK_TIM15_IRQHandler
 *fill*         0x000000000800251a        0x2 
 .text.__libc_init_array
                0x000000000800251c       0x48 c:/st/stm32cubeide_1.7.0/stm32cubeide/plugins/com.st.stm32cube.ide.mcu.externaltools.gnu-tools-for-stm32.9-2020-q2-update.win32_2.0.0.202105311346/tools/bin/../lib/gcc/arm-none-eabi/9.3.1/../../../../arm-none-eabi/lib/thumb/v7e-m+fp/hard\libc_nano.a(lib_a-init.o)
                0x000000000800251c                __libc_init_array
 .text.memset   0x0000000008002564       0x10 c:/st/stm32cubeide_1.7.0/stm32cubeide/plugins/com.st.stm32cube.ide.mcu.externaltools.gnu-tools-for-stm32.9-2020-q2-update.win32_2.0.0.202105311346/tools/bin/../lib/gcc/arm-none-eabi/9.3.1/../../../../arm-none-eabi/lib/thumb/v7e-m+fp/hard\libc_nano.a(lib_a-memset.o)
                0x0000000008002564                memset
 *(.glue_7)
 .glue_7        0x0000000008002574        0x0 linker stubs
 *(.glue_7t)
 .glue_7t       0x0000000008002574        0x0 linker stubs
 *(.eh_frame)
 .eh_frame      0x0000000008002574        0x0 c:/st/stm32cubeide_1.7.0/stm32cubeide/plugins/com.st.stm32cube.ide.mcu.externaltools.gnu-tools-for-stm32.9-2020-q2-update.win32_2.0.0.202105311346/tools/bin/../lib/gcc/arm-none-eabi/9.3.1/thumb/v7e-m+fp/hard/crtbegin.o
 *(.init)
 .init          0x0000000008002574        0x4 c:/st/stm32cubeide_1.7.0/stm32cubeide/plugins/com.st.stm32cube.ide.mcu.externaltools.gnu-tools-for-stm32.9-2020-q2-update.win32_2.0.0.202105311346/tools/bin/../lib/gcc/arm-none-eabi/9.3.1/thumb/v7e-m+fp/hard/crti.o
                0x0000000008002574                _init
 .init          0x0000000008002578        0x8 c:/st/stm32cubeide_1.7.0/stm32cubeide/plugins/com.st.stm32cube.ide.mcu.externaltools.gnu-tools-for-stm32.9-2020-q2-update.win32_2.0.0.202105311346/tools/bin/../lib/gcc/arm-none-eabi/9.3.1/thumb/v7e-m+fp/hard/crtn.o
 *(.fini)
 .fini          0x0000000008002580        0x4 c:/st/stm32cubeide_1.7.0/stm32cubeide/plugins/com.st.stm32cube.ide.mcu.externaltools.gnu-tools-for-stm32.9-2020-q2-update.win32_2.0.0.202105311346/tools/bin/../lib/gcc/arm-none-eabi/9.3.1/thumb/v7e-m+fp/hard/crti.o
                0x0000000008002580                _fini
 .fini          0x0000000008002584        0x8 c:/st/stm32cubeide_1.7.0/stm32cubeide/plugins/com.st.stm32cube.ide.mcu.externaltools.gnu-tools-for-stm32.9-2020-q2-update.win32_2.0.0.202105311346/tools/bin/../lib/gcc/arm-none-eabi/9.3.1/thumb/v7e-m+fp/hard/crtn.o
                0x000000000800258c                . = ALIGN (0x4)
                0x000000000800258c                _etext = .

.vfp11_veneer   0x000000000800258c        0x0
 .vfp11_veneer  0x000000000800258c        0x0 linker stubs

.v4_bx          0x000000000800258c        0x0
 .v4_bx         0x000000000800258c        0x0 linker stubs

.iplt           0x000000000800258c        0x0
 .iplt          0x000000000800258c        0x0 c:/st/stm32cubeide_1.7.0/stm32cubeide/plugins/com.st.stm32cube.ide.mcu.externaltools.gnu-tools-for-stm32.9-2020-q2-update.win32_2.0.0.202105311346/tools/bin/../lib/gcc/arm-none-eabi/9.3.1/thumb/v7e-m+fp/hard/crtbegin.o

.rodata         0x000000000800258c       0x18
                0x000000000800258c                . = ALIGN (0x4)
 *(.rodata)
 *(.rodata*)
 .rodata.OFFSET_TAB_CCMRx
                0x000000000800258c        0x9 ./Src/tim.o
 *fill*         0x0000000008002595        0x3 
 .rodata.SHIFT_TAB_OCxx
                0x0000000008002598        0x9 ./Src/tim.o
                0x00000000080025a4                . = ALIGN (0x4)
 *fill*         0x00000000080025a1        0x3 

.rel.dyn        0x00000000080025a4        0x0
 .rel.iplt      0x00000000080025a4        0x0 c:/st/stm32cubeide_1.7.0/stm32cubeide/plugins/com.st.stm32cube.ide.mcu.externaltools.gnu-tools-for-stm32.9-2020-q2-update.win32_2.0.0.202105311346/tools/bin/../lib/gcc/arm-none-eabi/9.3.1/thumb/v7e-m+fp/hard/crtbegin.o

.ARM.extab      0x00000000080025a4        0x0
                0x00000000080025a4                . = ALIGN (0x4)
 *(.ARM.extab* .gnu.linkonce.armextab.*)
                0x00000000080025a4                . = ALIGN (0x4)

.ARM            0x00000000080025a4        0x0
                0x00000000080025a4                . = ALIGN (0x4)
                0x00000000080025a4                __exidx_start = .
 *(.ARM.exidx*)
                0x00000000080025a4                __exidx_end = .
                0x00000000080025a4                . = ALIGN (0x4)

.preinit_array  0x00000000080025a4        0x0
                0x00000000080025a4                . = ALIGN (0x4)
                0x00000000080025a4                PROVIDE (__preinit_array_start = .)
 *(.preinit_array*)
                0x00000000080025a4                PROVIDE (__preinit_array_end = .)
                0x00000000080025a4                . = ALIGN (0x4)

.init_array     0x00000000080025a4        0x4
                0x00000000080025a4                . = ALIGN (0x4)
                0x00000000080025a4                PROVIDE (__init_array_start = .)
 *(SORT_BY_NAME(.init_array.*))
 *(.init_array*)
 .init_array    0x00000000080025a4        0x4 c:/st/stm32cubeide_1.7.0/stm32cubeide/plugins/com.st.stm32cube.ide.mcu.externaltools.gnu-tools-for-stm32.9-2020-q2-update.win32_2.0.0.202105311346/tools/bin/../lib/gcc/arm-none-eabi/9.3.1/thumb/v7e-m+fp/hard/crtbegin.o
                0x00000000080025a8                PROVIDE (__init_array_end = .)
                0x00000000080025a8                . = ALIGN (0x4)

.fini_array     0x00000000080025a8        0x4
                0x00000000080025a8                . = ALIGN (0x4)
                [!provide]                        PROVIDE (__fini_array_start = .)
 *(SORT_BY_NAME(.fini_array.*))
 *(.fini_array*)
 .fini_array    0x00000000080025a8        0x4 c:/st/stm32cubeide_1.7.0/stm32cubeide/plugins/com.st.stm32cube.ide.mcu.externaltools.gnu-tools-for-stm32.9-2020-q2-update.win32_2.0.0.202105311346/tools/bin/../lib/gcc/arm-none-eabi/9.3.1/thumb/v7e-m+fp/hard/crtbegin.o
                [!provide]                        PROVIDE (__fini_array_end = .)
                0x00000000080025ac                . = ALIGN (0x4)
                0x00000000080025ac                _sidata = LOADADDR (.data)

.data           0x0000000020000000       0x1c load address 0x00000000080025ac
                0x0000000020000000                . = ALIGN (0x4)
                0x0000000020000000                _sdata = .
 *(.data)
 *(.data*)
 .data.name_ID  0x0000000020000000       0x14 ./Src/display.o
                0x0000000020000000                name_ID
 .data.name_IDsize
                0x0000000020000014        0x1 ./Src/display.o
                0x0000000020000014                name_IDsize
 *fill*         0x0000000020000015        0x3 
 .data.SystemCoreClock
                0x0000000020000018        0x4 ./Src/system_stm32f3xx.o
                0x0000000020000018                SystemCoreClock
                0x000000002000001c                . = ALIGN (0x4)
                0x000000002000001c                _edata = .

.igot.plt       0x000000002000001c        0x0 load address 0x00000000080025c8
 .igot.plt      0x000000002000001c        0x0 c:/st/stm32cubeide_1.7.0/stm32cubeide/plugins/com.st.stm32cube.ide.mcu.externaltools.gnu-tools-for-stm32.9-2020-q2-update.win32_2.0.0.202105311346/tools/bin/../lib/gcc/arm-none-eabi/9.3.1/thumb/v7e-m+fp/hard/crtbegin.o
                0x000000002000001c                . = ALIGN (0x4)

.bss            0x0000000020000020       0x38 load address 0x00000000080025c8
                0x0000000020000020                _sbss = .
                0x0000000020000020                __bss_start__ = _sbss
 *(.bss)
 .bss           0x0000000020000020       0x1c c:/st/stm32cubeide_1.7.0/stm32cubeide/plugins/com.st.stm32cube.ide.mcu.externaltools.gnu-tools-for-stm32.9-2020-q2-update.win32_2.0.0.202105311346/tools/bin/../lib/gcc/arm-none-eabi/9.3.1/thumb/v7e-m+fp/hard/crtbegin.o
 *(.bss*)
 .bss.dDisplayData
                0x000000002000003c        0x7 ./Src/display.o
                0x000000002000003c                dDisplayData
 *fill*         0x0000000020000043        0x5 
 .bss.disp_time
                0x0000000020000048        0x8 ./Src/display.o
                0x0000000020000048                disp_time
 .bss.disp_time_saved
                0x0000000020000050        0x8 ./Src/display.o
                0x0000000020000050                disp_time_saved
 *(COMMON)
                0x0000000020000058                . = ALIGN (0x4)
                0x0000000020000058                _ebss = .
                0x0000000020000058                __bss_end__ = _ebss

._user_heap_stack
                0x0000000020000058      0x600 load address 0x00000000080025c8
                0x0000000020000058                . = ALIGN (0x8)
                0x0000000020000058                PROVIDE (end = .)
                [!provide]                        PROVIDE (_end = .)
                0x0000000020000258                . = (. + _Min_Heap_Size)
 *fill*         0x0000000020000058      0x200 
                0x0000000020000658                . = (. + _Min_Stack_Size)
 *fill*         0x0000000020000258      0x400 
                0x0000000020000658                . = ALIGN (0x8)

/DISCARD/
 libc.a(*)
 libm.a(*)
 libgcc.a(*)

.ARM.attributes
                0x0000000000000000       0x30
 *(.ARM.attributes)
 .ARM.attributes
                0x0000000000000000       0x1e c:/st/stm32cubeide_1.7.0/stm32cubeide/plugins/com.st.stm32cube.ide.mcu.externaltools.gnu-tools-for-stm32.9-2020-q2-update.win32_2.0.0.202105311346/tools/bin/../lib/gcc/arm-none-eabi/9.3.1/thumb/v7e-m+fp/hard/crti.o
 .ARM.attributes
                0x000000000000001e       0x34 c:/st/stm32cubeide_1.7.0/stm32cubeide/plugins/com.st.stm32cube.ide.mcu.externaltools.gnu-tools-for-stm32.9-2020-q2-update.win32_2.0.0.202105311346/tools/bin/../lib/gcc/arm-none-eabi/9.3.1/thumb/v7e-m+fp/hard/crtbegin.o
 .ARM.attributes
                0x0000000000000052       0x34 ./Drivers/STM32F3xx_HAL_Driver/Src/stm32f3xx_ll_gpio.o
 .ARM.attributes
                0x0000000000000086       0x34 ./Drivers/STM32F3xx_HAL_Driver/Src/stm32f3xx_ll_tim.o
 .ARM.attributes
                0x00000000000000ba       0x34 ./Drivers/STM32F3xx_HAL_Driver/Src/stm32f3xx_ll_utils.o
 .ARM.attributes
                0x00000000000000ee       0x34 ./Src/display.o
 .ARM.attributes
                0x0000000000000122       0x34 ./Src/gpio.o
 .ARM.attributes
                0x0000000000000156       0x34 ./Src/main.o
 .ARM.attributes
                0x000000000000018a       0x34 ./Src/stm32f3xx_it.o
 .ARM.attributes
                0x00000000000001be       0x34 ./Src/system_stm32f3xx.o
 .ARM.attributes
                0x00000000000001f2       0x34 ./Src/tim.o
 .ARM.attributes
                0x0000000000000226       0x21 ./Startup/startup_stm32f303k8tx.o
 .ARM.attributes
                0x0000000000000247       0x34 c:/st/stm32cubeide_1.7.0/stm32cubeide/plugins/com.st.stm32cube.ide.mcu.externaltools.gnu-tools-for-stm32.9-2020-q2-update.win32_2.0.0.202105311346/tools/bin/../lib/gcc/arm-none-eabi/9.3.1/../../../../arm-none-eabi/lib/thumb/v7e-m+fp/hard\libc_nano.a(lib_a-init.o)
 .ARM.attributes
                0x000000000000027b       0x34 c:/st/stm32cubeide_1.7.0/stm32cubeide/plugins/com.st.stm32cube.ide.mcu.externaltools.gnu-tools-for-stm32.9-2020-q2-update.win32_2.0.0.202105311346/tools/bin/../lib/gcc/arm-none-eabi/9.3.1/../../../../arm-none-eabi/lib/thumb/v7e-m+fp/hard\libc_nano.a(lib_a-memset.o)
 .ARM.attributes
                0x00000000000002af       0x1e c:/st/stm32cubeide_1.7.0/stm32cubeide/plugins/com.st.stm32cube.ide.mcu.externaltools.gnu-tools-for-stm32.9-2020-q2-update.win32_2.0.0.202105311346/tools/bin/../lib/gcc/arm-none-eabi/9.3.1/thumb/v7e-m+fp/hard/crtn.o
OUTPUT(segment_display.elf elf32-littlearm)
LOAD linker stubs
LOAD c:/st/stm32cubeide_1.7.0/stm32cubeide/plugins/com.st.stm32cube.ide.mcu.externaltools.gnu-tools-for-stm32.9-2020-q2-update.win32_2.0.0.202105311346/tools/bin/../lib/gcc/arm-none-eabi/9.3.1/../../../../arm-none-eabi/lib/thumb/v7e-m+fp/hard\libc.a
LOAD c:/st/stm32cubeide_1.7.0/stm32cubeide/plugins/com.st.stm32cube.ide.mcu.externaltools.gnu-tools-for-stm32.9-2020-q2-update.win32_2.0.0.202105311346/tools/bin/../lib/gcc/arm-none-eabi/9.3.1/../../../../arm-none-eabi/lib/thumb/v7e-m+fp/hard\libm.a
LOAD c:/st/stm32cubeide_1.7.0/stm32cubeide/plugins/com.st.stm32cube.ide.mcu.externaltools.gnu-tools-for-stm32.9-2020-q2-update.win32_2.0.0.202105311346/tools/bin/../lib/gcc/arm-none-eabi/9.3.1/thumb/v7e-m+fp/hard\libgcc.a

.debug_info     0x0000000000000000     0x5a2e
 .debug_info    0x0000000000000000      0x7ce ./Drivers/STM32F3xx_HAL_Driver/Src/stm32f3xx_ll_gpio.o
 .debug_info    0x00000000000007ce     0x1093 ./Drivers/STM32F3xx_HAL_Driver/Src/stm32f3xx_ll_tim.o
 .debug_info    0x0000000000001861      0x87b ./Drivers/STM32F3xx_HAL_Driver/Src/stm32f3xx_ll_utils.o
 .debug_info    0x00000000000020dc     0x11d6 ./Src/display.o
 .debug_info    0x00000000000032b2      0x43a ./Src/gpio.o
 .debug_info    0x00000000000036ec     0x1078 ./Src/main.o
 .debug_info    0x0000000000004764      0x279 ./Src/stm32f3xx_it.o
 .debug_info    0x00000000000049dd      0x439 ./Src/system_stm32f3xx.o
 .debug_info    0x0000000000004e16      0xbf6 ./Src/tim.o
 .debug_info    0x0000000000005a0c       0x22 ./Startup/startup_stm32f303k8tx.o

.debug_abbrev   0x0000000000000000     0x117b
 .debug_abbrev  0x0000000000000000      0x23b ./Drivers/STM32F3xx_HAL_Driver/Src/stm32f3xx_ll_gpio.o
 .debug_abbrev  0x000000000000023b      0x22b ./Drivers/STM32F3xx_HAL_Driver/Src/stm32f3xx_ll_tim.o
 .debug_abbrev  0x0000000000000466      0x293 ./Drivers/STM32F3xx_HAL_Driver/Src/stm32f3xx_ll_utils.o
 .debug_abbrev  0x00000000000006f9      0x2aa ./Src/display.o
 .debug_abbrev  0x00000000000009a3      0x17d ./Src/gpio.o
 .debug_abbrev  0x0000000000000b20      0x28a ./Src/main.o
 .debug_abbrev  0x0000000000000daa       0xad ./Src/stm32f3xx_it.o
 .debug_abbrev  0x0000000000000e57      0x129 ./Src/system_stm32f3xx.o
 .debug_abbrev  0x0000000000000f80      0x1e9 ./Src/tim.o
 .debug_abbrev  0x0000000000001169       0x12 ./Startup/startup_stm32f303k8tx.o

.debug_aranges  0x0000000000000000      0x658
 .debug_aranges
                0x0000000000000000       0x70 ./Drivers/STM32F3xx_HAL_Driver/Src/stm32f3xx_ll_gpio.o
 .debug_aranges
                0x0000000000000070      0x148 ./Drivers/STM32F3xx_HAL_Driver/Src/stm32f3xx_ll_tim.o
 .debug_aranges
                0x00000000000001b8       0xf0 ./Drivers/STM32F3xx_HAL_Driver/Src/stm32f3xx_ll_utils.o
 .debug_aranges
                0x00000000000002a8      0x1a8 ./Src/display.o
 .debug_aranges
                0x0000000000000450       0x30 ./Src/gpio.o
 .debug_aranges
                0x0000000000000480       0xa8 ./Src/main.o
 .debug_aranges
                0x0000000000000528       0x60 ./Src/stm32f3xx_it.o
 .debug_aranges
                0x0000000000000588       0x28 ./Src/system_stm32f3xx.o
 .debug_aranges
                0x00000000000005b0       0x80 ./Src/tim.o
 .debug_aranges
                0x0000000000000630       0x28 ./Startup/startup_stm32f303k8tx.o

.debug_ranges   0x0000000000000000      0x5c0
 .debug_ranges  0x0000000000000000       0x60 ./Drivers/STM32F3xx_HAL_Driver/Src/stm32f3xx_ll_gpio.o
 .debug_ranges  0x0000000000000060      0x138 ./Drivers/STM32F3xx_HAL_Driver/Src/stm32f3xx_ll_tim.o
 .debug_ranges  0x0000000000000198       0xe0 ./Drivers/STM32F3xx_HAL_Driver/Src/stm32f3xx_ll_utils.o
 .debug_ranges  0x0000000000000278      0x198 ./Src/display.o
 .debug_ranges  0x0000000000000410       0x20 ./Src/gpio.o
 .debug_ranges  0x0000000000000430       0x98 ./Src/main.o
 .debug_ranges  0x00000000000004c8       0x50 ./Src/stm32f3xx_it.o
 .debug_ranges  0x0000000000000518       0x18 ./Src/system_stm32f3xx.o
 .debug_ranges  0x0000000000000530       0x70 ./Src/tim.o
 .debug_ranges  0x00000000000005a0       0x20 ./Startup/startup_stm32f303k8tx.o

.debug_macro    0x0000000000000000     0x35f1
 .debug_macro   0x0000000000000000      0x10c ./Drivers/STM32F3xx_HAL_Driver/Src/stm32f3xx_ll_gpio.o
 .debug_macro   0x000000000000010c      0x149 ./Drivers/STM32F3xx_HAL_Driver/Src/stm32f3xx_ll_gpio.o
 .debug_macro   0x0000000000000255       0xe5 ./Drivers/STM32F3xx_HAL_Driver/Src/stm32f3xx_ll_gpio.o
 .debug_macro   0x000000000000033a      0x179 ./Drivers/STM32F3xx_HAL_Driver/Src/stm32f3xx_ll_tim.o
 .debug_macro   0x00000000000004b3      0x800 ./Drivers/STM32F3xx_HAL_Driver/Src/stm32f3xx_ll_tim.o
 .debug_macro   0x0000000000000cb3      0x14a ./Drivers/STM32F3xx_HAL_Driver/Src/stm32f3xx_ll_utils.o
 .debug_macro   0x0000000000000dfd       0x30 ./Drivers/STM32F3xx_HAL_Driver/Src/stm32f3xx_ll_utils.o
 .debug_macro   0x0000000000000e2d      0x2a5 ./Drivers/STM32F3xx_HAL_Driver/Src/stm32f3xx_ll_utils.o
 .debug_macro   0x00000000000010d2       0xaf ./Drivers/STM32F3xx_HAL_Driver/Src/stm32f3xx_ll_utils.o
 .debug_macro   0x0000000000001181      0x2d6 ./Src/display.o
 .debug_macro   0x0000000000001457      0x102 ./Src/display.o
 .debug_macro   0x0000000000001559       0x28 ./Src/display.o
 .debug_macro   0x0000000000001581      0x287 ./Src/display.o
 .debug_macro   0x0000000000001808      0x806 ./Src/display.o
 .debug_macro   0x000000000000200e      0x14f ./Src/display.o
 .debug_macro   0x000000000000215d       0x22 ./Src/display.o
 .debug_macro   0x000000000000217f       0x52 ./Src/display.o
 .debug_macro   0x00000000000021d1       0x18 ./Src/display.o
 .debug_macro   0x00000000000021e9       0x3c ./Src/display.o
 .debug_macro   0x0000000000002225       0x34 ./Src/display.o
 .debug_macro   0x0000000000002259       0x16 ./Src/display.o
 .debug_macro   0x000000000000226f       0x97 ./Src/display.o
 .debug_macro   0x0000000000002306      0x339 ./Src/display.o
 .debug_macro   0x000000000000263f       0xfd ./Src/display.o
 .debug_macro   0x000000000000273c       0x10 ./Src/display.o
 .debug_macro   0x000000000000274c       0x16 ./Src/display.o
 .debug_macro   0x0000000000002762       0x43 ./Src/display.o
 .debug_macro   0x00000000000027a5       0x34 ./Src/display.o
 .debug_macro   0x00000000000027d9       0x10 ./Src/display.o
 .debug_macro   0x00000000000027e9       0x58 ./Src/display.o
 .debug_macro   0x0000000000002841       0x71 ./Src/display.o
 .debug_macro   0x00000000000028b2       0x1c ./Src/display.o
 .debug_macro   0x00000000000028ce      0x12a ./Src/display.o
 .debug_macro   0x00000000000029f8       0x10 ./Src/display.o
 .debug_macro   0x0000000000002a08       0x1c ./Src/display.o
 .debug_macro   0x0000000000002a24       0x52 ./Src/display.o
 .debug_macro   0x0000000000002a76       0x22 ./Src/display.o
 .debug_macro   0x0000000000002a98       0x10 ./Src/display.o
 .debug_macro   0x0000000000002aa8       0x40 ./Src/display.o
 .debug_macro   0x0000000000002ae8       0xd5 ./Src/display.o
 .debug_macro   0x0000000000002bbd       0x1c ./Src/display.o
 .debug_macro   0x0000000000002bd9       0x3d ./Src/display.o
 .debug_macro   0x0000000000002c16       0x16 ./Src/display.o
 .debug_macro   0x0000000000002c2c      0x145 ./Src/display.o
 .debug_macro   0x0000000000002d71       0x16 ./Src/display.o
 .debug_macro   0x0000000000002d87       0x35 ./Src/display.o
 .debug_macro   0x0000000000002dbc       0x20 ./Src/display.o
 .debug_macro   0x0000000000002ddc       0x82 ./Src/display.o
 .debug_macro   0x0000000000002e5e      0x143 ./Src/gpio.o
 .debug_macro   0x0000000000002fa1      0x2ee ./Src/main.o
 .debug_macro   0x000000000000328f      0x143 ./Src/stm32f3xx_it.o
 .debug_macro   0x00000000000033d2       0xdc ./Src/system_stm32f3xx.o
 .debug_macro   0x00000000000034ae      0x143 ./Src/tim.o

.debug_line     0x0000000000000000     0x4dca
 .debug_line    0x0000000000000000      0x755 ./Drivers/STM32F3xx_HAL_Driver/Src/stm32f3xx_ll_gpio.o
 .debug_line    0x0000000000000755      0xbda ./Drivers/STM32F3xx_HAL_Driver/Src/stm32f3xx_ll_tim.o
 .debug_line    0x000000000000132f      0x8fd ./Drivers/STM32F3xx_HAL_Driver/Src/stm32f3xx_ll_utils.o
 .debug_line    0x0000000000001c2c      0xe1e ./Src/display.o
 .debug_line    0x0000000000002a4a      0x5dd ./Src/gpio.o
 .debug_line    0x0000000000003027      0xa15 ./Src/main.o
 .debug_line    0x0000000000003a3c      0x637 ./Src/stm32f3xx_it.o
 .debug_line    0x0000000000004073      0x4fd ./Src/system_stm32f3xx.o
 .debug_line    0x0000000000004570      0x7d9 ./Src/tim.o
 .debug_line    0x0000000000004d49       0x81 ./Startup/startup_stm32f303k8tx.o

.debug_str      0x0000000000000000    0x75c80
 .debug_str     0x0000000000000000    0x646b6 ./Drivers/STM32F3xx_HAL_Driver/Src/stm32f3xx_ll_gpio.o
                                      0x64867 (size before relaxing)
 .debug_str     0x00000000000646b6     0x5cde ./Drivers/STM32F3xx_HAL_Driver/Src/stm32f3xx_ll_tim.o
                                      0x69783 (size before relaxing)
 .debug_str     0x000000000006a394     0x5087 ./Drivers/STM32F3xx_HAL_Driver/Src/stm32f3xx_ll_utils.o
                                      0x68549 (size before relaxing)
 .debug_str     0x000000000006f41b     0x6113 ./Src/display.o
                                      0x72646 (size before relaxing)
 .debug_str     0x000000000007552e       0x45 ./Src/gpio.o
                                      0x6dd8f (size before relaxing)
 .debug_str     0x0000000000075573      0x161 ./Src/main.o
                                      0x7266f (size before relaxing)
 .debug_str     0x00000000000756d4       0xb8 ./Src/stm32f3xx_it.o
                                      0x6dd25 (size before relaxing)
 .debug_str     0x000000000007578c       0xaa ./Src/system_stm32f3xx.o
                                      0x63549 (size before relaxing)
 .debug_str     0x0000000000075836      0x419 ./Src/tim.o
                                      0x6e377 (size before relaxing)
 .debug_str     0x0000000000075c4f       0x31 ./Startup/startup_stm32f303k8tx.o
                                         0x85 (size before relaxing)

.comment        0x0000000000000000       0x53
 .comment       0x0000000000000000       0x53 ./Drivers/STM32F3xx_HAL_Driver/Src/stm32f3xx_ll_gpio.o
                                         0x54 (size before relaxing)
 .comment       0x0000000000000053       0x54 ./Drivers/STM32F3xx_HAL_Driver/Src/stm32f3xx_ll_tim.o
 .comment       0x0000000000000053       0x54 ./Drivers/STM32F3xx_HAL_Driver/Src/stm32f3xx_ll_utils.o
 .comment       0x0000000000000053       0x54 ./Src/display.o
 .comment       0x0000000000000053       0x54 ./Src/gpio.o
 .comment       0x0000000000000053       0x54 ./Src/main.o
 .comment       0x0000000000000053       0x54 ./Src/stm32f3xx_it.o
 .comment       0x0000000000000053       0x54 ./Src/system_stm32f3xx.o
 .comment       0x0000000000000053       0x54 ./Src/tim.o

.debug_frame    0x0000000000000000     0x182c
 .debug_frame   0x0000000000000000      0x1c0 ./Drivers/STM32F3xx_HAL_Driver/Src/stm32f3xx_ll_gpio.o
 .debug_frame   0x00000000000001c0      0x5d0 ./Drivers/STM32F3xx_HAL_Driver/Src/stm32f3xx_ll_tim.o
 .debug_frame   0x0000000000000790      0x3dc ./Drivers/STM32F3xx_HAL_Driver/Src/stm32f3xx_ll_utils.o
 .debug_frame   0x0000000000000b6c      0x5dc ./Src/display.o
 .debug_frame   0x0000000000001148       0x84 ./Src/gpio.o
 .debug_frame   0x00000000000011cc      0x29c ./Src/main.o
 .debug_frame   0x0000000000001468      0x110 ./Src/stm32f3xx_it.o
 .debug_frame   0x0000000000001578       0x58 ./Src/system_stm32f3xx.o
 .debug_frame   0x00000000000015d0      0x210 ./Src/tim.o
 .debug_frame   0x00000000000017e0       0x2c c:/st/stm32cubeide_1.7.0/stm32cubeide/plugins/com.st.stm32cube.ide.mcu.externaltools.gnu-tools-for-stm32.9-2020-q2-update.win32_2.0.0.202105311346/tools/bin/../lib/gcc/arm-none-eabi/9.3.1/../../../../arm-none-eabi/lib/thumb/v7e-m+fp/hard\libc_nano.a(lib_a-init.o)
 .debug_frame   0x000000000000180c       0x20 c:/st/stm32cubeide_1.7.0/stm32cubeide/plugins/com.st.stm32cube.ide.mcu.externaltools.gnu-tools-for-stm32.9-2020-q2-update.win32_2.0.0.202105311346/tools/bin/../lib/gcc/arm-none-eabi/9.3.1/../../../../arm-none-eabi/lib/thumb/v7e-m+fp/hard\libc_nano.a(lib_a-memset.o)
