stm32f3xx_ll_tim.h:3971:22:LL_TIM_ClearFlag_UPDATE	16	static
stm32f3xx_ll_tim.h:3982:26:LL_TIM_IsActiveFlag_UPDATE	16	static
stm32f3xx_ll_gpio.h:895:22:LL_GPIO_SetOutputPin	16	static
stm32f3xx_ll_gpio.h:924:22:LL_GPIO_ResetOutputPin	16	static
display.c:20:6:resetSegments	8	static
display.c:33:6:setSegments	8	static
display.c:46:6:resetDigits	8	static
display.c:56:6:setDigits	8	static
display.c:65:6:setDecimalPoint	8	static
display.c:71:6:setOne	8	static
display.c:78:6:setTwo	8	static
display.c:88:6:setThree	8	static
display.c:98:6:setFour	8	static
display.c:107:6:setFive	8	static
display.c:117:6:setSix	8	static
display.c:128:6:setSeven	8	static
display.c:136:6:setEight	8	static
display.c:148:6:setNine	8	static
display.c:158:6:setZero	8	static
display.c:169:6:setA	8	static
display.c:178:6:setB	8	static
display.c:186:6:setC	8	static
display.c:193:6:setD	8	static
display.c:201:6:setE	8	static
display.c:209:6:setF	8	static
display.c:216:6:setG	8	static
display.c:224:6:setH	8	static
display.c:232:6:setI	8	static
display.c:237:6:setJ	8	static
display.c:244:6:setK	8	static
display.c:252:6:setL	8	static
display.c:258:6:setM	8	static
display.c:265:6:setN	8	static
display.c:271:6:setO	8	static
display.c:280:6:setP	8	static
display.c:288:6:setQ	8	static
display.c:296:6:setR	8	static
display.c:301:6:setS	8	static
display.c:309:6:setT	8	static
display.c:316:6:setU	8	static
display.c:324:6:setV	8	static
display.c:330:6:setW	8	static
display.c:339:6:setX	8	static
display.c:345:6:setY	8	static
display.c:353:6:setZ	8	static
display.c:362:6:setUnderscore	8	static
display.c:368:6:dispelements	24	static
display.c:379:6:setDigit	16	static
display.c:402:6:updateDisplay	24	static
display.c:594:6:TIM3_IRQHandler	8	static
